    Updating crates.io index
     Locking 116 packages to latest compatible versions
    Updating aho-corasick v1.1.4 -> v1.1.5
    Updating android_system_properties v0.1.5 -> v0.1.6
    Removing anyhow v1.0.102
    Updating askama v0.16.0 -> v0.16.1
    Updating askama_derive v0.16.0 -> v0.16.1
    Updating askama_macros v0.16.0 -> v0.16.1
    Updating askama_parser v0.16.0 -> v0.16.1
    Removing base64 v0.21.7
    Updating bitflags v2.13.0 -> v2.13.2
    Removing block-buffer v0.10.4
    Updating bytes v1.11.1 -> v1.12.1
    Updating cc v1.2.63 -> v1.5.1
    Updating cfg-if v1.0.4 -> v1.0.5
    Updating cfg_aliases v0.2.1 -> v0.2.2
    Updating clap v4.6.1 -> v4.6.7
    Updating clap_builder v4.6.0 -> v4.6.7
    Updating clap_derive v4.6.1 -> v4.6.7
    Updating clap_lex v1.1.0 -> v1.1.1
      Adding core_detect v1.0.0
    Removing cpufeatures v0.2.17
    Updating crc32fast v1.5.0 -> v1.5.2
    Updating crossbeam-channel v0.5.15 -> v0.5.17
    Updating crossbeam-queue v0.3.12 -> v0.3.14
    Updating crossbeam-utils v0.8.21 -> v0.8.23
    Removing crypto-common v0.1.7
    Updating curl v0.4.49 -> v0.4.50
    Updating curl-sys v0.4.87+curl-8.19.0 -> v0.4.90+curl-8.21.0
    Removing digest v0.10.7
    Updating displaydoc v0.2.6 -> v0.2.7
    Updating either v1.16.0 -> v1.18.0
    Updating encoding_rs v0.8.35 -> v0.8.42
    Removing equivalent v1.0.2
    Updating event-listener v5.4.1 -> v5.4.2
    Updating fastrand v2.4.1 -> v2.5.0
    Updating find-msvc-tools v0.1.9 -> v0.1.14
    Updating flate2 v1.1.9 -> v1.1.10
    Updating flexi_logger v0.31.9 -> v0.31.10
    Removing foldhash v0.1.5
    Updating futures v0.3.32 -> v0.3.34
    Updating futures-channel v0.3.32 -> v0.3.34
    Updating futures-core v0.3.32 -> v0.3.34
    Updating futures-executor v0.3.32 -> v0.3.34
    Updating futures-io v0.3.32 -> v0.3.34
    Updating futures-macro v0.3.32 -> v0.3.34
    Updating futures-sink v0.3.32 -> v0.3.34
    Updating futures-task v0.3.32 -> v0.3.34
    Updating futures-util v0.3.32 -> v0.3.34
    Removing generic-array v0.14.7
    Updating getrandom v0.4.2 -> v0.4.3
    Updating glob v0.3.3 -> v0.3.4
    Removing hashbrown v0.15.5
    Removing hashbrown v0.17.1
    Updating hdrhistogram v7.5.4 -> v7.6.0
    Updating hermit-abi v0.5.2 -> v0.5.3
    Updating humantime v2.3.0 -> v2.4.0
    Updating icu_collections v2.2.0 -> v2.3.0
    Updating icu_locale_core v2.2.0 -> v2.3.0
    Updating icu_normalizer v2.2.0 -> v2.3.0
    Updating icu_normalizer_data v2.2.0 -> v2.3.0
    Updating icu_properties v2.2.0 -> v2.3.0
    Updating icu_properties_data v2.2.0 -> v2.3.0
    Updating icu_provider v2.2.0 -> v2.3.1
    Removing id-arena v2.3.0
    Removing indexmap v2.14.0
    Updating isahc v1.8.2 -> v1.8.3 (available: v2.0.1)
    Updating js-sys v0.3.100 -> v0.3.106
    Removing leb128fmt v0.1.0
    Updating libc v0.2.186 -> v0.2.189
    Updating libredox v0.1.17 -> v0.1.25
    Updating litemap v0.8.2 -> v0.8.3
    Updating log v0.4.32 -> v0.4.34
    Updating memchr v2.8.1 -> v2.8.3
    Removing minimal-lexical v0.2.1
    Updating miniz_oxide v0.8.9 -> v0.9.1
      Adding multiversion_no_op v1.0.0
    Updating nom v7.1.3 -> v8.0.0
    Updating openssl-sys v0.9.116 -> v0.9.117
    Updating pest v2.8.6 -> v2.9.2
    Updating pest_derive v2.8.6 -> v2.9.2
    Updating pest_generator v2.8.6 -> v2.9.2
    Updating pest_meta v2.8.6 -> v2.9.2
    Updating pkg-config v0.3.33 -> v0.3.34
    Updating portable-atomic v1.13.1 -> v1.15.0
    Updating portable-atomic-util v0.2.7 -> v0.2.8
    Updating potential_utf v0.1.5 -> v0.1.6
    Removing prettyplease v0.2.37
    Updating proc-macro2 v1.0.106 -> v1.0.107
    Updating quote v1.0.45 -> v1.0.47
    Removing rand v0.8.6
    Removing rand v0.9.4
      Adding rand v0.8.8
      Adding rand v0.9.5 (available: v0.10.3)
    Updating redox_users v0.5.2 -> v0.5.3
    Updating regex v1.12.4 -> v1.13.1
    Updating regex-automata v0.4.14 -> v0.4.18
    Updating rustc-hash v2.1.2 -> v2.1.3
    Updating rustix v1.1.4 -> v1.1.5
    Updating rustversion v1.0.22 -> v1.0.23
    Updating serde v1.0.228 -> v1.0.229
    Updating serde_core v1.0.228 -> v1.0.229
    Updating serde_derive v1.0.228 -> v1.0.229
    Updating serde_json v1.0.150 -> v1.0.151
    Removing sha2 v0.10.9
    Updating simd-adler32 v0.3.9 -> v0.3.10
      Adding simdutf8 v0.1.5
    Updating smallvec v1.15.1 -> v1.16.2
    Updating socket2 v0.6.4 -> v0.6.5
    Removing syn v2.0.117
      Adding syn v2.0.119
      Adding syn v3.0.6
    Updating synstructure v0.13.2 -> v0.14.0
    Updating thiserror v2.0.18 -> v2.0.21
    Updating thiserror-impl v2.0.18 -> v2.0.21
    Updating time v0.3.47 -> v0.3.55
    Updating time-core v0.1.8 -> v0.1.9
    Updating time-macros v0.2.27 -> v0.2.32
    Updating tinystr v0.8.3 -> v0.8.4
    Updating tokio v1.52.3 -> v1.53.1
    Removing typenum v1.20.1
    Updating unicode-ident v1.0.24 -> v1.0.26
    Removing unicode-xid v0.2.6
    Updating uuid v1.23.3 -> v1.26.1
    Updating wasip2 v1.0.3+wasi-0.2.9 -> v1.0.4+wasi-0.2.12
    Removing wasip3 v0.4.0+wasi-0.3.0-rc-2026-01-06
    Updating wasm-bindgen v0.2.123 -> v0.2.129
    Updating wasm-bindgen-macro v0.2.123 -> v0.2.129
    Updating wasm-bindgen-macro-support v0.2.123 -> v0.2.129
    Updating wasm-bindgen-shared v0.2.123 -> v0.2.129
    Removing wasm-encoder v0.244.0
    Removing wasm-metadata v0.244.0
    Removing wasmparser v0.244.0
    Removing windows-sys v0.59.0
    Updating winnow v1.0.3 -> v1.0.4
    Removing wit-bindgen v0.51.0
    Removing wit-bindgen-core v0.51.0
    Removing wit-bindgen-rust v0.51.0
    Removing wit-bindgen-rust-macro v0.51.0
    Removing wit-component v0.244.0
    Removing wit-parser v0.244.0
    Updating writeable v0.6.3 -> v0.6.4
    Updating yoke-derive v0.8.2 -> v0.8.3
    Updating zerocopy v0.8.52 -> v0.8.59
    Updating zerocopy-derive v0.8.52 -> v0.8.59
    Updating zerofrom-derive v0.1.7 -> v0.1.8
    Updating zerotrie v0.2.4 -> v0.2.5
    Updating zerovec v0.11.6 -> v0.11.8
    Updating zerovec-derive v0.11.3 -> v0.11.6
      Adding zlib-rs v0.6.8
    Updating zmij v1.0.21 -> v1.0.23
note: pass `--verbose` to see 8 unchanged dependencies behind latest
info: using existing install for stable-x86_64-unknown-linux-gnu
info: default toolchain set to stable-x86_64-unknown-linux-gnu

  stable-x86_64-unknown-linux-gnu unchanged - rustc 1.98.1 (48a229cea 2026-09-01)

sccache 0.14.0
USING sccache ---------------------------------------
 Downloading crates ...
  Downloaded clap_lex v1.1.1
  Downloaded clap_derive v4.6.7
  Downloaded find-msvc-tools v0.1.14
  Downloaded thiserror-impl v2.0.21
  Downloaded thiserror v2.0.21
  Downloaded clap v4.6.7
  Downloaded smallvec v1.16.2
  Downloaded cc v1.5.1
  Downloaded clap_builder v4.6.7
  Downloaded zlib-rs v0.6.8
  Downloaded zerocopy v0.8.59
  Downloaded encoding_rs v0.8.42
Success: No 'actix' crate found in the Cargo project.
Success: No 'rocket' crate found in the Cargo project.
Success: No 'warp' crate found in the Cargo project.
Success: No tokio in default cargo tree.
Success: --features tokio pulls in tokio.
 Downloading crates ...
  Downloaded pest_generator v2.9.2
  Downloaded askama_macros v0.16.1
  Downloaded pest_meta v2.9.2
  Downloaded pest_derive v2.9.2
  Downloaded askama v0.16.1
  Downloaded askama_parser v0.16.1
  Downloaded askama_derive v0.16.1
  Downloaded pest v2.9.2
   Compiling proc-macro2 v1.0.107
   Compiling unicode-ident v1.0.26
   Compiling quote v1.0.47
   Compiling libc v0.2.189
   Compiling cfg-if v1.0.5
   Compiling memchr v2.8.3
   Compiling find-msvc-tools v0.1.14
   Compiling pkg-config v0.3.34
   Compiling crossbeam-utils v0.8.23
   Compiling serde_core v1.0.229
   Compiling futures-core v0.3.34
   Compiling serde v1.0.229
   Compiling cc v1.5.1
   Compiling futures-io v0.3.34
   Compiling writeable v0.6.4
   Compiling litemap v0.8.3
   Compiling zerocopy v0.8.59
   Compiling event-listener v5.4.2
   Compiling smallvec v1.16.2
   Compiling fastrand v2.5.0
   Compiling icu_properties_data v2.3.0
   Compiling rustversion v1.0.23
   Compiling syn v3.0.6
   Compiling syn v2.0.119
   Compiling getrandom v0.4.3
   Compiling libz-sys v1.1.29
   Compiling openssl-sys v0.9.117
   Compiling libnghttp2-sys v0.1.13+1.68.1
   Compiling curl-sys v0.4.90+curl-8.21.0
   Compiling icu_normalizer_data v2.3.0
   Compiling event-listener-strategy v0.5.4
   Compiling rustc-hash v2.1.3
   Compiling rustix v1.1.5
   Compiling log v0.4.34
   Compiling cfg_aliases v0.2.2
   Compiling getrandom v0.3.4
   Compiling aho-corasick v1.1.5
   Compiling encoding_rs v0.8.42
   Compiling crc32fast v1.5.2
   Compiling basic-toml v0.1.10
   Compiling regex-automata v0.4.18
   Compiling tracing-attributes v0.1.31
   Compiling pin-project-internal v1.1.13
   Compiling synstructure v0.14.0
   Compiling zerofrom-derive v0.1.8
   Compiling yoke-derive v0.8.3
   Compiling zerovec-derive v0.11.6
   Compiling displaydoc v0.2.7
   Compiling serde_derive v1.0.229
   Compiling ppv-lite86 v0.2.21
   Compiling zerofrom v0.1.8
   Compiling pin-project v1.1.13
   Compiling regex v1.13.1
   Compiling yoke v0.8.3
   Compiling futures-lite v2.6.1
   Compiling concurrent-queue v2.5.0
   Compiling zerotrie v0.2.5
   Compiling zerovec v0.11.8
   Compiling bytes v1.12.1
   Compiling futures-sink v0.3.34
   Compiling core_detect v1.0.0
   Compiling multiversion_no_op v1.0.0
   Compiling simdutf8 v0.1.5
   Compiling tinystr v0.8.4
   Compiling potential_utf v0.1.6
   Compiling miniz_oxide v0.9.1
   Compiling tracing v0.1.44
   Compiling http v0.2.12
   Compiling icu_locale_core v2.3.0
   Compiling icu_collections v2.3.0
   Compiling futures-channel v0.3.34
   Compiling async-channel v2.5.0
   Compiling futures-macro v0.3.34
   Compiling rand_core v0.9.5
   Compiling nix v0.31.3
   Compiling castaway v0.2.4
   Compiling icu_provider v2.3.1
   Compiling socket2 v0.6.5
   Compiling num_cpus v1.17.0
   Compiling getrandom v0.2.17
   Compiling icu_properties v2.3.0
   Compiling icu_normalizer v2.3.0
   Compiling thiserror v2.0.21
   Compiling futures-task v0.3.34
   Compiling rand_core v0.6.4
   Compiling core_affinity v0.8.3
   Compiling futures-util v0.3.34
   Compiling flate2 v1.1.10
   Compiling sluice v0.6.0
   Compiling tracing-futures v0.2.5
   Compiling polling v3.11.0
   Compiling thiserror-impl v2.0.21
   Compiling nix v0.29.0
   Compiling askama_parser v0.14.0
   Compiling is-terminal v0.4.17
   Compiling crossbeam-channel v0.5.17
   Compiling idna_adapter v1.2.2
   Compiling clap_lex v1.1.1
   Compiling idna v1.1.0
   Compiling zmij v1.0.23
   Compiling env_logger v0.10.2
   Compiling clap_derive v4.6.7
   Compiling url v2.5.8
   Compiling clap_builder v4.6.7
   Compiling tempfile v3.27.0
   Compiling rand_chacha v0.3.1
   Compiling askama_derive v0.14.0
   Compiling rand_chacha v0.9.0
   Compiling thiserror-impl v1.0.69
   Compiling crossbeam-queue v0.3.14
   Compiling serde_json v1.0.151
   Compiling time-macros v0.2.32
   Compiling clap v4.6.7
   Compiling dirs-sys v0.5.0
   Compiling flexi_logger v0.31.10
   Compiling rand v0.9.5
   Compiling ctrlc v3.5.2
   Compiling rand v0.8.8
   Compiling futures-executor v0.3.34
   Compiling thiserror v1.0.69
   Compiling parking_lot_core v0.9.12
   Compiling pretty_env_logger v0.5.0
   Compiling wait-timeout v0.2.1
   Compiling memmap v0.7.0
   Compiling ringbuf v0.4.8
   Compiling nom v8.0.0
   Compiling rusty-fork v0.3.1
   Compiling time v0.3.55
   Compiling askama v0.14.0
   Compiling aeron v0.2.0
   Compiling async-ringbuf v0.3.5
   Compiling parking_lot v0.12.5
   Compiling ahash v0.8.12
   Compiling futures v0.3.34
   Compiling dirs v6.0.0
   Compiling async-io v2.6.0
   Compiling uuid v1.26.1
   Compiling rand_xorshift v0.4.0
   Compiling async-lock v3.4.2
   Compiling proptest v1.11.0
   Compiling rand_distr v0.5.1
   Compiling ucd-trie v0.1.7
   Compiling winnow v1.0.4
   Compiling glob v0.3.4
   Compiling pest v2.9.2
   Compiling hdrhistogram v7.6.0
   Compiling either v1.18.0
   Compiling colored v3.1.1
   Compiling askama_parser v0.16.1
   Compiling pest_meta v2.9.2
   Compiling pest_generator v2.9.2
   Compiling pest_derive v2.9.2
   Compiling dot-parser v0.5.1
   Compiling askama_derive v0.16.1
   Compiling askama_macros v0.16.1
   Compiling askama v0.16.1
   Compiling cargo-steady-state v0.3.1 (/home/nate/git/steady-state-stack/cargo-steady-state)
   Compiling curl v0.4.50
   Compiling isahc v1.8.3
   Compiling steady_state v0.3.1 (/home/nate/git/steady-state-stack/core)
warning: steady_state@0.3.1: ########### Community support needed ###########################
warning: steady_state@0.3.1: Please Sponsor Steady_State: https://github.com/sponsors/kmf-lab
warning: steady_state@0.3.1: ################################################################
warning: unused import: `super::*`
   --> core/src/channel_builder_lazy.rs:436:9
    |
436 |     use super::*;
    |         ^^^^^^^^
    |
    = note: `#[warn(unused_imports)]` (part of `#[warn(unused)]`) on by default

warning: unused import: `steady_state::*`
  --> core/examples/fizz_buzz/actor/console_printer.rs:82:9
   |
82 |     use steady_state::*;
   |         ^^^^^^^^^^^^^^^
   |
   = note: `#[warn(unused_imports)]` (part of `#[warn(unused)]`) on by default

warning: unused import: `steady_state::*`
  --> core/examples/fizz_buzz/actor/div_by_3_producer.rs:65:9
   |
65 |     use steady_state::*;
   |         ^^^^^^^^^^^^^^^

warning: unused import: `steady_state::*`
  --> core/examples/fizz_buzz/actor/div_by_5_producer.rs:61:9
   |
61 |     use steady_state::*;
   |         ^^^^^^^^^^^^^^^

warning: unused import: `steady_state::*`
  --> core/examples/fizz_buzz/actor/error_logger.rs:53:9
   |
53 |     use steady_state::*;
   |         ^^^^^^^^^^^^^^^

warning: unused import: `steady_state::*`
   --> core/examples/fizz_buzz/actor/fizz_buzz_processor.rs:177:9
    |
177 |     use steady_state::*;
    |         ^^^^^^^^^^^^^^^

warning: unused import: `steady_state::*`
  --> core/examples/fizz_buzz/actor/timer_actor.rs:49:9
   |
49 |     use steady_state::*;
   |         ^^^^^^^^^^^^^^^

warning: unused import: `steady_state::*`
  --> core/examples/high_performance/actor/tick_generator.rs:58:9
   |
58 |     use steady_state::*;
   |         ^^^^^^^^^^^^^^^
   |
   = note: `#[warn(unused_imports)]` (part of `#[warn(unused)]`) on by default

warning: `steady_state` (example "high_performance" test) generated 1 warning (run `cargo fix --example "high_performance" -p steady_state --tests` to apply 1 suggestion)
warning: `steady_state` (example "fizz_buzz" test) generated 6 warnings (run `cargo fix --example "fizz_buzz" -p steady_state --tests` to apply 6 suggestions)
warning: `steady_state` (lib test) generated 1 warning (run `cargo fix --lib -p steady_state --tests` to apply 1 suggestion)
    Finished `test` profile [unoptimized + debuginfo] target(s) in 2m 51s
────────────
 Nextest run ID b16de17d-b6ee-4e04-a040-e4f714c17e70 with nextest profile: ci-unit
    Starting 1119 tests across 15 binaries (10 tests skipped, including 2 tests via profile.ci-unit.default-filter)
────────────
     Summary [ 179.584s] 1119 tests run: 1119 passed, 10 skipped
=====================================================================================================================
============ success all tests ran well =============================================================================
=====================================================================================================================
---------------------------------------------------------------------------------
------------ bounded cargo-fuzz (parse/protocol) — scripts/run-fuzz.sh -----------
---------------------------------------------------------------------------------
Skip with SS_SKIP_FUZZ=1 if nightly Rust or clang is unavailable.
SS_SKIP_FUZZ=1 — skipping cargo-fuzz campaign.
   Compiling crossbeam-utils v0.8.23
   Compiling num-traits v0.2.19
   Compiling futures-core v0.3.34
   Compiling getrandom v0.3.4
   Compiling event-listener v5.4.2
   Compiling smallvec v1.16.2
   Compiling once_cell v1.21.4
warning: steady_state@0.3.1: ########### Community support needed ###########################
warning: steady_state@0.3.1: Please Sponsor Steady_State: https://github.com/sponsors/kmf-lab
warning: steady_state@0.3.1: ################################################################
   Compiling futures-channel v0.3.34
   Compiling futures-lite v2.6.1
   Compiling parking_lot_core v0.9.12
   Compiling event-listener-strategy v0.5.4
   Compiling tempfile v3.27.0
   Compiling ahash v0.8.12
   Compiling futures-util v0.3.34
   Compiling async-lock v3.4.2
   Compiling parking_lot v0.12.5
   Compiling crossbeam-channel v0.5.17
   Compiling crossbeam-queue v0.3.14
   Compiling ringbuf v0.4.8
   Compiling concurrent-queue v2.5.0
   Compiling chrono v0.4.45
   Compiling async-io v2.6.0
   Compiling hdrhistogram v7.6.0
   Compiling flexi_logger v0.31.10
   Compiling aeron v0.2.0
   Compiling futures-executor v0.3.34
   Compiling async-ringbuf v0.3.5
   Compiling cargo-steady-state v0.3.1 (/home/nate/git/steady-state-stack/cargo-steady-state)
   Compiling futures v0.3.34
   Compiling steady_state v0.3.1 (/home/nate/git/steady-state-stack/core)
    Finished `dev` profile [unoptimized + debuginfo] target(s) in 29.81s
   Compiling proc-macro2 v1.0.107
   Compiling unicode-ident v1.0.26
   Compiling quote v1.0.47
   Compiling libc v0.2.189
   Compiling find-msvc-tools v0.1.14
   Compiling shlex v2.0.1
   Compiling cfg-if v1.0.5
   Compiling pkg-config v0.3.34
   Compiling vcpkg v0.2.15
   Compiling crossbeam-utils v0.8.23
   Compiling serde_core v1.0.229
   Compiling memchr v2.8.3
   Compiling icu_normalizer_data v2.3.0
   Compiling icu_properties_data v2.3.0
   Compiling autocfg v1.5.1
   Compiling stable_deref_trait v1.2.1
   Compiling pin-project-lite v0.2.17
   Compiling serde v1.0.229
   Compiling rustversion v1.0.23
   Compiling cc v1.5.1
   Compiling bitflags v2.13.2
   Compiling zerocopy v0.8.59
   Compiling getrandom v0.4.3
   Compiling writeable v0.6.4
   Compiling futures-core v0.3.34
   Compiling libm v0.2.16
   Compiling litemap v0.8.3
   Compiling num-traits v0.2.19
   Compiling rustc-hash v2.1.3
   Compiling getrandom v0.3.4
   Compiling crc32fast v1.5.2
   Compiling utf8_iter v1.0.4
   Compiling encoding_rs v0.8.42
   Compiling parking v2.2.1
   Compiling curl v0.4.50
   Compiling cfg_aliases v0.2.2
   Compiling regex-syntax v0.8.11
   Compiling once_cell v1.21.4
   Compiling libz-sys v1.1.29
   Compiling libnghttp2-sys v0.1.13+1.68.1
   Compiling openssl-sys v0.9.117
   Compiling curl-sys v0.4.90+curl-8.21.0
   Compiling log v0.4.34
   Compiling syn v3.0.6
   Compiling syn v2.0.119
   Compiling rustix v1.1.5
   Compiling futures-io v0.3.34
   Compiling aho-corasick v1.1.5
   Compiling smallvec v1.16.2
   Compiling linux-raw-sys v0.12.1
   Compiling ppv-lite86 v0.2.21
   Compiling event-listener v5.4.2
   Compiling slab v0.4.12
   Compiling multiversion_no_op v1.0.0
   Compiling isahc v1.8.3
   Compiling fastrand v2.5.0
   Compiling regex-automata v0.4.18
   Compiling percent-encoding v2.3.2
   Compiling event-listener-strategy v0.5.4
   Compiling concurrent-queue v2.5.0
   Compiling tracing-core v0.1.36
   Compiling synstructure v0.14.0
   Compiling zerovec-derive v0.11.6
   Compiling displaydoc v0.2.7
   Compiling serde_derive v1.0.229
   Compiling tracing-attributes v0.1.31
   Compiling basic-toml v0.1.10
   Compiling pin-project-internal v1.1.13
   Compiling zerofrom-derive v0.1.8
   Compiling yoke-derive v0.8.3
   Compiling zerofrom v0.1.8
   Compiling winnow v0.7.15
   Compiling itoa v1.0.18
   Compiling utf8parse v0.2.2
   Compiling futures-sink v0.3.34
   Compiling pin-project v1.1.13
   Compiling yoke v0.8.3
   Compiling anstyle-parse v1.0.0
   Compiling tracing v0.1.44
   Compiling futures-channel v0.3.34
   Compiling zerovec v0.11.8
   Compiling zerotrie v0.2.5
   Compiling regex v1.13.1
   Compiling async-channel v2.5.0
   Compiling form_urlencoded v1.2.2
   Compiling tinystr v0.8.4
   Compiling potential_utf v0.1.6
   Compiling futures-macro v0.3.34
   Compiling rand_core v0.9.5
   Compiling getrandom v0.2.17
   Compiling icu_collections v2.3.0
   Compiling num_cpus v1.17.0
   Compiling icu_locale_core v2.3.0
   Compiling socket2 v0.6.5
   Compiling nix v0.31.3
   Compiling simd-adler32 v0.3.10
   Compiling colorchoice v1.0.5
   Compiling askama_parser v0.14.0
   Compiling thiserror v2.0.21
   Compiling scopeguard v1.2.0
   Compiling core_detect v1.0.0
   Compiling futures-task v0.3.34
   Compiling adler2 v2.0.1
   Compiling is_terminal_polyfill v1.70.2
   Compiling iana-time-zone v0.1.65
   Compiling bytes v1.12.1
   Compiling anstyle v1.0.14
   Compiling icu_provider v2.3.1
   Compiling openssl-probe v0.1.6
   Compiling simdutf8 v0.1.5
   Compiling semver v1.0.28
   Compiling fnv v1.0.7
   Compiling anstyle-query v1.1.5
   Compiling chrono v0.4.45
   Compiling icu_properties v2.3.0
   Compiling icu_normalizer v2.3.0
   Compiling anstream v1.0.0
   Compiling http v0.2.12
   Compiling rustc_version v0.4.1
   Compiling futures-util v0.3.34
   Compiling miniz_oxide v0.9.1
   Compiling askama_derive v0.14.0
   Compiling core_affinity v0.8.3
   Compiling rand_core v0.6.4
   Compiling sluice v0.6.0
   Compiling tracing-futures v0.2.5
   Compiling idna_adapter v1.2.2
   Compiling polling v3.11.0
   Compiling futures-lite v2.6.1
   Compiling thiserror-impl v2.0.21
   Compiling idna v1.1.0
   Compiling is-terminal v0.4.17
   Compiling nix v0.29.0
   Compiling crossbeam-channel v0.5.17
   Compiling castaway v0.2.4
   Compiling memoffset v0.9.1
   Compiling strsim v0.11.1
   Compiling parking_lot_core v0.9.12
   Compiling url v2.5.8
   Compiling clap_lex v1.1.1
   Compiling waker-fn v1.2.0
   Compiling heck v0.5.0
   Compiling termcolor v1.4.1
   Compiling version_check v0.9.5
   Compiling mime v0.3.17
   Compiling zmij v1.0.23
   Compiling thiserror v1.0.69
   Compiling humantime v2.4.0
   Compiling clap_derive v4.6.7
   Compiling ahash v0.8.12
   Compiling clap_builder v4.6.7
   Compiling env_logger v0.10.2
   Compiling rand_chacha v0.3.1
   Compiling flate2 v1.1.10
   Compiling tempfile v3.27.0
   Compiling aeron v0.2.0
   Compiling rand_chacha v0.9.0
   Compiling thiserror-impl v1.0.69
   Compiling askama v0.14.0
   Compiling crossbeam-queue v0.3.14
   Compiling async-io v2.6.0
   Compiling winapi v0.3.9
   Compiling serde_json v1.0.151
   Compiling option-ext v0.2.0
   Compiling nu-ansi-term v0.50.3
   Compiling time-core v0.1.9
   Compiling num-conv v0.2.2
   Compiling virtue v0.0.18
   Compiling dirs-sys v0.5.0
   Compiling time-macros v0.2.32
   Compiling flexi_logger v0.31.10
   Compiling rand v0.9.5
   Compiling ctrlc v3.5.2
   Compiling rand v0.8.8
   Compiling pretty_env_logger v0.5.0
   Compiling bincode_derive v2.0.1
   Compiling futures-executor v0.3.34
   Compiling lock_api v0.4.14
   Compiling memmap v0.7.0
   Compiling wait-timeout v0.2.1
   Compiling ringbuf v0.4.8
   Compiling nom v8.0.0
   Compiling powerfmt v0.2.0
   Compiling byteorder v1.5.0
   Compiling quick-error v1.2.3
   Compiling deranged v0.5.8
   Compiling base64 v0.22.1
   Compiling cache_line_size v1.0.0
   Compiling bit-vec v0.8.0
   Compiling galvanic-assert v0.8.7
   Compiling aeron_archiver_codecs v0.1.1
   Compiling unty v0.0.4
   Compiling lazy_static v1.5.0
   Compiling bit-set v0.8.0
   Compiling bincode v2.0.1
   Compiling rusty-fork v0.3.1
   Compiling async-ringbuf v0.3.5
   Compiling parking_lot v0.12.5
   Compiling time v0.3.55
   Compiling futures v0.3.34
   Compiling clap v4.6.7
   Compiling hdrhistogram v7.6.0
   Compiling dirs v6.0.0
   Compiling rand_xorshift v0.4.0
   Compiling uuid v1.26.1
   Compiling async-lock v3.4.2
   Compiling unarray v0.1.4
   Compiling futures-timer v3.0.4
   Compiling rand_distr v0.5.1
   Compiling ucd-trie v0.1.7
   Compiling proptest v1.11.0
   Compiling winnow v1.0.4
   Compiling glob v0.3.4
   Compiling either v1.18.0
   Compiling colored v3.1.1
   Compiling pest v2.9.2
   Compiling askama_parser v0.16.1
   Compiling pest_meta v2.9.2
   Compiling pest_generator v2.9.2
   Compiling pest_derive v2.9.2
   Compiling dot-parser v0.5.1
   Compiling askama_derive v0.16.1
   Compiling askama_macros v0.16.1
   Compiling askama v0.16.1
   Compiling cargo-steady-state v0.3.1 (/home/nate/git/steady-state-stack/cargo-steady-state)
   Compiling steady_state v0.3.1 (/home/nate/git/steady-state-stack/core)
warning: steady_state@0.3.1: ########### Community support needed ###########################
warning: steady_state@0.3.1: Please Sponsor Steady_State: https://github.com/sponsors/kmf-lab
warning: steady_state@0.3.1: ################################################################
warning: unused import: `super::*`
   --> core/src/channel_builder_lazy.rs:436:9
    |
436 |     use super::*;
    |         ^^^^^^^^
    |
    = note: `#[warn(unused_imports)]` (part of `#[warn(unused)]`) on by default

warning: `steady_state` (lib test) generated 1 warning (run `cargo fix --lib -p steady_state --tests` to apply 1 suggestion)
    Finished `release` profile [optimized] target(s) in 10m 44s
    Checking cfg-if v1.0.5
    Checking memchr v2.8.3
    Checking libc v0.2.189
    Checking crossbeam-utils v0.8.23
    Checking futures-core v0.3.34
    Checking regex-syntax v0.8.11
    Checking futures-io v0.3.34
    Checking zerocopy v0.8.59
    Checking futures-sink v0.3.34
    Checking num-traits v0.2.19
    Checking futures-task v0.3.34
    Checking futures-channel v0.3.34
    Checking log v0.4.34
    Checking aho-corasick v1.1.5
    Checking rustix v1.1.5
    Checking humantime v2.4.0
    Checking futures-util v0.3.34
    Checking fastrand v2.5.0
    Checking simd-adler32 v0.3.10
    Checking chrono v0.4.45
    Checking miniz_oxide v0.9.1
    Checking crossbeam-channel v0.5.17
    Checking getrandom v0.2.17
    Checking regex-automata v0.4.18
    Checking num_cpus v1.17.0
    Checking rand_core v0.6.4
    Checking is-terminal v0.4.17
    Checking core_affinity v0.8.3
    Checking getrandom v0.4.3
    Checking nix v0.31.3
    Checking event-listener v5.4.2
    Checking crc32fast v1.5.2
    Checking serde_core v1.0.229
    Checking once_cell v1.21.4
    Checking smallvec v1.16.2
    Checking clap_lex v1.1.1
    Checking ctrlc v3.5.2
    Checking parking_lot_core v0.9.12
    Checking regex v1.13.1
    Checking clap_builder v4.6.7
    Checking futures-executor v0.3.34
    Checking dirs-sys v0.5.0
    Checking event-listener-strategy v0.5.4
    Checking thiserror v2.0.21
    Checking thiserror v1.0.69
    Checking flate2 v1.1.10
    Checking env_logger v0.10.2
    Checking polling v3.11.0
    Checking getrandom v0.3.4
    Checking nix v0.29.0
    Checking ppv-lite86 v0.2.21
    Checking pretty_env_logger v0.5.0
    Checking memmap v0.7.0
    Checking memoffset v0.9.1
    Checking zmij v1.0.23
    Checking futures-lite v2.6.1
    Checking nom v8.0.0
    Checking crossbeam-queue v0.3.14
    Checking rand_chacha v0.3.1
    Checking ringbuf v0.4.8
    Checking concurrent-queue v2.5.0
    Checking time-core v0.1.9
    Checking deranged v0.5.8
    Checking rand v0.8.8
    Checking clap v4.6.7
    Checking async-ringbuf v0.3.5
    Checking flexi_logger v0.31.10
    Checking async-io v2.6.0
    Checking serde_json v1.0.151
    Checking serde v1.0.229
    Checking ahash v0.8.12
warning: steady_state@0.3.1: ########### Community support needed ###########################
warning: steady_state@0.3.1: Please Sponsor Steady_State: https://github.com/sponsors/kmf-lab
warning: steady_state@0.3.1: ################################################################
    Checking tempfile v3.27.0
    Checking aeron v0.2.0
    Checking async-lock v3.4.2
    Checking dirs v6.0.0
    Checking futures v0.3.34
    Checking parking_lot v0.12.5
    Checking uuid v1.26.1
    Checking bytes v1.12.1
    Checking time v0.3.55
    Checking hdrhistogram v7.6.0
 Documenting steady_state v0.3.1 (/home/nate/git/steady-state-stack/core)
    Finished `dev` profile [unoptimized + debuginfo] target(s) in 21.91s
   Generated /home/nate/.cargo/target-shared/doc/steady_state/index.html
    Updating crates.io index
 Downloading crates ...
  Downloaded cargo-outdated v0.19.0
     Ignored package `cargo-outdated v0.19.0` is already installed, use --force to override
cargo outdated
warning: Feature tls of package ureq has been obsolete in version 3.4.2
steady_state
================
Name                     Project                        Compat  Latest   Kind         Platform
----                     -------                        ------  ------   ----         --------
askama                   0.14.0                         ---     0.16.1   Build        ---
askama_derive            0.14.0                         ---     Removed  Normal       ---
askama_parser            0.14.0                         ---     Removed  Normal       ---
async-ringbuf            0.3.5                          ---     0.3.9    Normal       ---
base64                   0.22.1                         ---     0.23.1   Normal       ---
basic-toml               0.1.10                         ---     Removed  Normal       ---
bincode                  2.0.1                          ---     3.0.0    Normal       ---
bincode_derive           2.0.1                          ---     Removed  Normal       ---
cc                       1.5.1                          ---     Removed  Build        ---
cfg-if                   1.0.5                          ---     Removed  Normal       ---
dirs                     6.0.0                          ---     7.0.0    Normal       ---
displaydoc               0.2.7                          ---     Removed  Normal       ---
find-msvc-tools          0.1.14                         ---     Removed  Normal       ---
form_urlencoded          1.2.2                          ---     Removed  Normal       ---
getrandom                0.2.17                         ---     Removed  Normal       ---
getrandom                0.3.4                          ---     Removed  Normal       ---
icu_collections          2.3.0                          ---     Removed  Normal       ---
icu_locale_core          2.3.0                          ---     Removed  Normal       ---
icu_normalizer           2.3.0                          ---     Removed  Normal       ---
icu_normalizer_data      2.3.0                          ---     Removed  Normal       ---
icu_properties           2.3.0                          ---     Removed  Normal       ---
icu_properties_data      2.3.0                          ---     Removed  Normal       ---
icu_provider             2.3.1                          ---     Removed  Normal       ---
idna                     1.1.0                          ---     Removed  Normal       ---
idna_adapter             1.2.2                          ---     Removed  Normal       ---
isahc                    1.8.3                          ---     2.0.1    Development  ---
libc                     0.2.189                        ---     Removed  Normal       ---
libc                     0.2.189                        ---     Removed  Normal       cfg(all(all(target_arch = "aarch64", target_endian = "little"), target_vendor = "apple", any(target_os = "ios", target_os = "macos", target_os = "tvos", target_os = "visionos", target_os = "watchos")))
libc                     0.2.189                        ---     Removed  Normal       cfg(all(any(target_os = "linux", target_os = "android"), not(any(all(target_os = "linux", target_env = ""), getrandom_backend = "custom", getrandom_backend = "linux_raw", getrandom_backend = "rdrand", getrandom_backend = "rndr"))))
libc                     0.2.189                        ---     Removed  Normal       cfg(unix)
litemap                  0.8.3                          ---     Removed  Normal       ---
log                      0.4.34                         ---     Removed  Normal       ---
memchr                   2.8.3                          ---     Removed  Normal       ---
once_cell                1.21.4                         ---     Removed  Normal       ---
openssl-probe            0.1.6                          ---     Removed  Normal       cfg(all(unix))
openssl-sys              0.9.117                        ---     Removed  Normal       cfg(all(unix))
percent-encoding         2.3.2                          ---     Removed  Normal       ---
pkg-config               0.3.34                         ---     Removed  Build        ---
potential_utf            0.1.6                          ---     Removed  Normal       ---
ppv-lite86               0.2.21                         ---     Removed  Normal       ---
proc-macro2              1.0.107                        ---     Removed  Normal       ---
quote                    1.0.47                         ---     Removed  Normal       ---
r-efi                    5.3.0                          ---     Removed  Normal       cfg(all(target_os = "uefi", getrandom_backend = "efi_rng"))
rand                     0.9.5                          ---     0.10.3   Development  ---
rand                     0.9.5                          ---     0.10.3   Normal       ---
rand_chacha              0.9.0                          ---     Removed  Normal       ---
rand_core                0.9.5                          ---     0.10.1   Normal       ---
rand_core                0.9.5                          ---     Removed  Normal       ---
rand_distr               0.5.1                          ---     0.6.0    Development  ---
ring                     0.17.14                        ---     Removed  Normal       ---
ringbuf                  0.4.8                          ---     0.5.2    Normal       ---
rustc-hash               2.1.3                          ---     Removed  Normal       ---
rustls                   0.23.45                        ---     Removed  Normal       ---
rustls-pki-types         1.15.1                         ---     Removed  Normal       ---
rustls-webpki            0.103.15                       ---     Removed  Normal       ---
serde                    1.0.229                        ---     Removed  Normal       ---
serde_core               1.0.229                        ---     Removed  Normal       ---
serde_derive             1.0.229                        ---     Removed  Development  ---
serde_derive             1.0.229                        ---     Removed  Normal       ---
shlex                    2.0.1                          ---     Removed  Normal       ---
smallvec                 1.16.2                         ---     Removed  Normal       ---
stable_deref_trait       1.2.1                          ---     Removed  Normal       ---
subtle                   2.6.1                          ---     Removed  Normal       ---
syn                      2.0.119                        ---     Removed  Normal       ---
syn                      3.0.6                          ---     Removed  Normal       ---
synstructure             0.14.0                         ---     Removed  Normal       ---
tinystr                  0.8.4                          ---     Removed  Normal       ---
unicode-ident            1.0.26                         ---     Removed  Normal       ---
untrusted                0.9.0                          ---     Removed  Normal       ---
unty                     0.0.4                          ---     Removed  Normal       ---
ureq                     2.12.1                         ---     3.4.2    Normal       ---
url                      2.5.8                          ---     Removed  Normal       ---
utf8_iter                1.0.4                          ---     Removed  Normal       ---
vcpkg                    0.2.15                         ---     Removed  Build        ---
virtue                   0.0.18                         ---     Removed  Normal       ---
wasi                     0.11.1+wasi-snapshot-preview1  ---     Removed  Normal       cfg(target_os = "wasi")
wasip2                   1.0.4+wasi-0.2.12              ---     Removed  Normal       cfg(all(target_arch = "wasm32", target_os = "wasi", target_env = "p2"))
webpki-roots             0.26.11                        ---     Removed  Normal       ---
webpki-roots             1.0.9                          ---     Removed  Normal       ---
windows-sys              0.52.0                         ---     Removed  Normal       cfg(all(all(target_arch = "aarch64", target_endian = "little"), target_os = "windows"))
windows-targets          0.52.6                         ---     Removed  Normal       ---
windows_aarch64_gnullvm  0.52.6                         ---     Removed  Normal       aarch64-pc-windows-gnullvm
windows_aarch64_msvc     0.52.6                         ---     Removed  Normal       cfg(all(target_arch = "aarch64", target_env = "msvc", not(windows_raw_dylib)))
windows_i686_gnu         0.52.6                         ---     Removed  Normal       cfg(all(target_arch = "x86", target_env = "gnu", not(target_abi = "llvm"), not(windows_raw_dylib)))
windows_i686_gnullvm     0.52.6                         ---     Removed  Normal       i686-pc-windows-gnullvm
windows_i686_msvc        0.52.6                         ---     Removed  Normal       cfg(all(target_arch = "x86", target_env = "msvc", not(windows_raw_dylib)))
windows_x86_64_gnu       0.52.6                         ---     Removed  Normal       cfg(all(target_arch = "x86_64", target_env = "gnu", not(target_abi = "llvm"), not(windows_raw_dylib)))
windows_x86_64_gnullvm   0.52.6                         ---     Removed  Normal       x86_64-pc-windows-gnullvm
windows_x86_64_msvc      0.52.6                         ---     Removed  Normal       cfg(all(any(target_arch = "x86_64", target_arch = "arm64ec"), target_env = "msvc", not(windows_raw_dylib)))
winnow                   0.7.15                         ---     Removed  Normal       ---
wit-bindgen              0.57.1                         ---     Removed  Normal       ---
writeable                0.6.4                          ---     Removed  Normal       ---
yoke                     0.8.3                          ---     Removed  Normal       ---
yoke-derive              0.8.3                          ---     Removed  Normal       ---
zerocopy                 0.8.59                         ---     Removed  Normal       ---
zerocopy-derive          0.8.59                         ---     Removed  Normal       ---
zerofrom                 0.1.8                          ---     Removed  Normal       ---
zerofrom-derive          0.1.8                          ---     Removed  Normal       ---
zeroize                  1.9.0                          ---     Removed  Normal       ---
zerotrie                 0.2.5                          ---     Removed  Normal       ---
zerovec                  0.11.8                         ---     Removed  Normal       ---
zerovec-derive           0.11.6                         ---     Removed  Normal       ---

cargo-steady-state
================
Name        Project  Compat  Latest  Kind    Platform
----        -------  ------  ------  ----    --------
dot-parser  0.5.1    ---     0.6.1   Normal  ---
cargo audit
    Fetching advisory database from `https://github.com/RustSec/advisory-db.git`
      Loaded 1277 security advisories (from /home/nate/.cargo/advisory-db)
    Updating crates.io index
    Scanning Cargo.lock for vulnerabilities (288 crate dependencies)
Crate:     ringbuf
Version:   0.4.8
Title:     Double free / use-after-free in `Consumer::skip` and `Consumer::clear` when an element's `Drop` panics
Date:      2026-09-21
ID:        RUSTSEC-2026-0293
URL:       https://rustsec.org/advisories/RUSTSEC-2026-0293
Solution:  Upgrade to >=0.5.2
Dependency tree:
ringbuf 0.4.8
├── steady_state 0.3.1
└── async-ringbuf 0.3.5
    └── steady_state 0.3.1

Crate:     bincode
Version:   2.0.1
Warning:   unmaintained
Title:     Bincode is unmaintained
Date:      2025-12-16
ID:        RUSTSEC-2025-0141
URL:       https://rustsec.org/advisories/RUSTSEC-2025-0141
Dependency tree:
bincode 2.0.1
└── steady_state 0.3.1

Crate:     memmap
Version:   0.7.0
Warning:   unmaintained
Title:     memmap is unmaintained
Date:      2020-12-02
ID:        RUSTSEC-2020-0077
URL:       https://rustsec.org/advisories/RUSTSEC-2020-0077
Dependency tree:
memmap 0.7.0
└── aeron 0.2.0
error:     └── steady_state 0.3.1

1 vulnerability found!
warning: 2 allowed warnings found
cargo audit failed with exit code 1
If the advisory DB fails to parse (e.g. CVSS 4.0), upgrade: cargo install cargo-audit
